[debug] [2026-08-27T15:41:58.340Z] ----------------------------------------------------------------------
[debug] [2026-08-27T15:41:58.343Z] Command:       /opt/homebrew/Cellar/node/25.8.1_1/bin/node /Users/sakhi/.npm/_npx/ba4f1959e38407b5/node_modules/.bin/firebase firestore:databases:list --project vrindatours-ddd79
[debug] [2026-08-27T15:41:58.343Z] CLI Version:   15.28.1
[debug] [2026-08-27T15:41:58.343Z] Platform:      darwin
[debug] [2026-08-27T15:41:58.343Z] Node Version:  v25.8.1
[debug] [2026-08-27T15:41:58.343Z] Detected Agent: antigravity
[debug] [2026-08-27T15:41:58.343Z] Time:          Thu Aug 27 2026 21:11:58 GMT+0530 (India Standard Time)
[debug] [2026-08-27T15:41:58.343Z] ----------------------------------------------------------------------
[debug] 
[debug] [2026-08-27T15:41:58.361Z] >>> [apiv2][query] GET https://firebase-public.firebaseio.com/cli.json [none]
[debug] [2026-08-27T15:41:58.476Z] Error: Cannot find module '/Users/sakhi/.npm/_npx/ba4f1959e38407b5/node_modules/body-parser/node_modules/iconv-lite/lib/index.js'. Please verify that the package.json has a valid "main" entry
    at tryPackage (node:internal/modules/cjs/loader:530:19)
    at Module._findPath (node:internal/modules/cjs/loader:798:18)
    at Module._resolveFilename (node:internal/modules/cjs/loader:1460:27)
    at wrapResolveFilename (node:internal/modules/cjs/loader:1048:27)
    at defaultResolveImplForCJSLoading (node:internal/modules/cjs/loader:1072:10)
    at resolveForCJSWithHooks (node:internal/modules/cjs/loader:1093:12)
    at Module._load (node:internal/modules/cjs/loader:1261:25)
    at wrapModuleLoad (node:internal/modules/cjs/loader:255:19)
    at Module.require (node:internal/modules/cjs/loader:1575:12)
    at require (node:internal/modules/helpers:191:16)
[error] 
[error] Error: An unexpected error has occurred.
